// Vitest Snapshot v1, https://vitest.dev/guide/snapshot.html

exports[`volar 1`] = `"export const x = try fn()"`;
